// Jest Snapshot v1, https://goo.gl/fbAQLP

exports[`PerfilUsuarioComponent Debe ser igual al snapshot 1`] = `
"<div style=\\"margin-top: 60px;\\"><div class=\\"w3-container\\"><form novalidate=\\"\\" ng-reflect-form=\\"[object Object]\\" class=\\"ng-untouched ng-pristine ng-invalid\\"><div class=\\"row justify-content-md-center\\"><div class=\\"col-md-4\\"><label> Nombre</label><input formcontrolname=\\"strNombre\\" id=\\"Nombre\\" type=\\"text\\" placeholder=\\"Ingrese su nombre\\" class=\\"w3-input w3-border ng-untouched ng-pristine ng-invalid\\" ng-reflect-name=\\"strNombre\\"><br><label> Apellido</label><input formcontrolname=\\"strApellido\\" type=\\"text\\" placeholder=\\"Ingrese su apellido\\" class=\\"w3-input w3-border ng-untouched ng-pristine ng-invalid\\" ng-reflect-name=\\"strApellido\\"><br><label>Teléfono</label><input formcontrolname=\\"strTelefono\\" type=\\"text\\" placeholder=\\"Ingrese su Telefono\\" class=\\"w3-input w3-border ng-untouched ng-pristine ng-invalid\\" ng-reflect-name=\\"strTelefono\\"><br><label>Tipo de documento</label><select formcontrolname=\\"strTipoDocumento\\" class=\\"form-control ng-untouched ng-pristine ng-invalid\\" ng-reflect-name=\\"strTipoDocumento\\"><option value=\\"\\" ng-reflect-value=\\"\\">-- Seleccione una opción --</option><option value=\\"cedula de ciudadania\\" ng-reflect-value=\\"cedula de ciudadania\\"> Cédula de ciudadanía </option><option value=\\"tarjeta de extranjeria\\" ng-reflect-value=\\"tarjeta de extranjeria\\"> Tarjeta de extranjería </option><option value=\\"cedula de extranjeria\\" ng-reflect-value=\\"cedula de extranjeria\\"> Cédula de extranjería </option><option value=\\"NIT\\" ng-reflect-value=\\"NIT\\"> NIT </option><option value=\\"pasaporte\\" ng-reflect-value=\\"pasaporte\\"> Pasaporte </option><option value=\\"tipo de documento extranjero\\" ng-reflect-value=\\"tipo de documento extranjero\\"> Tipo de documento extranjero </option><!--bindings={
  \\"ng-reflect-ng-for-of\\": \\"[object Object],[object Object\\"
}--></select><br><label> Número de documento</label><input formcontrolname=\\"strNumeroDocumento\\" type=\\"number\\" placeholder=\\"Ingrese su numero de documento\\" min=\\"1\\" class=\\"w3-input w3-border ng-untouched ng-pristine ng-invalid\\" ng-reflect-name=\\"strNumeroDocumento\\"><label><span style=\\"color: grey; font-size: 10px;\\"> No use espacios o caracteres especiales</span></label><br><label>Género</label><select formcontrolname=\\"strGenero\\" class=\\"form-control ng-untouched ng-pristine ng-invalid\\" ng-reflect-name=\\"strGenero\\"><option value=\\"\\" ng-reflect-value=\\"\\">-- Seleccione una opción --</option><option value=\\"hombre\\" ng-reflect-value=\\"hombre\\"> Hombre </option><option value=\\"mujer\\" ng-reflect-value=\\"mujer\\"> Mujer </option><option value=\\"otro\\" ng-reflect-value=\\"otro\\"> Otro </option><option value=\\"prefiero no decirlo\\" ng-reflect-value=\\"prefiero no decirlo\\"> Prefiero no decirlo </option><!--bindings={
  \\"ng-reflect-ng-for-of\\": \\"[object Object],[object Object\\"
}--></select><br><label>Tipo persona</label><select formcontrolname=\\"strTipoPersona\\" class=\\"form-control ng-untouched ng-pristine ng-invalid\\" ng-reflect-name=\\"strTipoPersona\\"><option value=\\"\\" ng-reflect-value=\\"\\">-- Seleccione una opción --</option><option value=\\"natural\\" ng-reflect-value=\\"natural\\"> Natural </option><option value=\\"juridica\\" ng-reflect-value=\\"juridica\\"> Jurídica </option><!--bindings={
  \\"ng-reflect-ng-for-of\\": \\"[object Object],[object Object\\"
}--></select><br><button class=\\"btn btn-success form-control\\">Guardar</button><button class=\\"btn btn-danger form-control mt-2\\"> Eliminar cuenta </button></div></div></form></div></div>"
`;
